   1              		.syntax unified
   2              		.cpu cortex-m3
   3              		.fpu softvfp
   4              		.eabi_attribute 20, 1
   5              		.eabi_attribute 21, 1
   6              		.eabi_attribute 23, 3
   7              		.eabi_attribute 24, 1
   8              		.eabi_attribute 25, 1
   9              		.eabi_attribute 26, 1
  10              		.eabi_attribute 30, 4
  11              		.eabi_attribute 18, 4
  12              		.thumb
  13              		.file	"efm32_system.c"
  14              		.text
  15              		.align	1
  16              		.global	SYSTEM_ChipRevisionGet
  17              		.thumb
  18              		.thumb_func
  20              	SYSTEM_ChipRevisionGet:
  21              		@ args = 0, pretend = 0, frame = 0
  22              		@ frame_needed = 0, uses_anonymous_args = 0
  23              		@ link register save eliminated.
  24 0000 074B     		ldr	r3, .L3
  25 0002 1A69     		ldr	r2, [r3, #16]
  26 0004 02F03F02 		and	r2, r2, #63
  27 0008 0270     		strb	r2, [r0, #0]
  28 000a 9A69     		ldr	r2, [r3, #24]
  29 000c DB69     		ldr	r3, [r3, #28]
  30 000e 02F0F002 		and	r2, r2, #240
  31 0012 03F0F003 		and	r3, r3, #240
  32 0016 42EA1313 		orr	r3, r2, r3, lsr #4
  33 001a 4370     		strb	r3, [r0, #1]
  34 001c 7047     		bx	lr
  35              	.L4:
  36 001e 00BF     		.align	2
  37              	.L3:
  38 0020 D0FF0FE0 		.word	-535822384
  40              		.ident	"GCC: (Sourcery G++ Lite 2010q1-188) 4.4.1"
DEFINED SYMBOLS
                            *ABS*:00000000 efm32_system.c
C:\Users\matthias\AppData\Local\Temp\ccTRZ5XM.s:15     .text:00000000 $t
C:\Users\matthias\AppData\Local\Temp\ccTRZ5XM.s:20     .text:00000000 SYSTEM_ChipRevisionGet
C:\Users\matthias\AppData\Local\Temp\ccTRZ5XM.s:38     .text:00000020 $d

NO UNDEFINED SYMBOLS
